[INFO] Scanning for projects...
[INFO] 
[INFO] --------------------< lab.cbom:java-crypto-fixture >--------------------
[INFO] Building java-crypto-fixture 1.0.0
[INFO] --------------------------------[ jar ]---------------------------------
[INFO] 
[INFO] --- maven-clean-plugin:2.5:clean (default-clean) @ java-crypto-fixture ---
[INFO] 
[INFO] --- maven-resources-plugin:2.6:resources (default-resources) @ java-crypto-fixture ---
[INFO] Using 'UTF-8' encoding to copy filtered resources.
[INFO] skip non existing resourceDirectory /home/tako/naryun/cbom/cbom-lab/remediated/java-app/src/main/resources
[INFO] 
[INFO] --- maven-compiler-plugin:3.13.0:compile (default-compile) @ java-crypto-fixture ---
[INFO] Recompiling the module because of changed source code.
[INFO] Compiling 1 source file with javac [debug release 11] to target/classes
[INFO] 
[INFO] --- maven-resources-plugin:2.6:testResources (default-testResources) @ java-crypto-fixture ---
[INFO] Using 'UTF-8' encoding to copy filtered resources.
[INFO] skip non existing resourceDirectory /home/tako/naryun/cbom/cbom-lab/remediated/java-app/src/test/resources
[INFO] 
[INFO] --- maven-compiler-plugin:3.13.0:testCompile (default-testCompile) @ java-crypto-fixture ---
[INFO] No sources to compile
[INFO] 
[INFO] --- maven-surefire-plugin:2.12.4:test (default-test) @ java-crypto-fixture ---
[INFO] Tests are skipped.
[INFO] 
[INFO] --- maven-jar-plugin:2.4:jar (default-jar) @ java-crypto-fixture ---
[INFO] Building jar: /home/tako/naryun/cbom/cbom-lab/remediated/java-app/target/java-crypto-fixture-1.0.0.jar
[INFO] ------------------------------------------------------------------------
[INFO] BUILD SUCCESS
[INFO] ------------------------------------------------------------------------
[INFO] Total time:  1.631 s
[INFO] Finished at: 2026-08-25T17:12:53+09:00
[INFO] ------------------------------------------------------------------------
